// Jest Snapshot v1, https://goo.gl/fbAQLP

exports[`displays the current result 1`] = `undefined`;
