// Jest Snapshot v1, https://goo.gl/fbAQLP

exports[`renders correctly 1`] = `
<div
  className="AppBody"
>
  <nav>
    <h1
      data-testid="navBar-header"
    >
      Math Magicians
    </h1>
    <div
      className="rightNav"
      data-testid="navBar-test"
    >
      <div>
        <a
          href="/"
        >
          Home
        </a>
      </div>
      <div>
        <a
          href="/calculator"
        >
          Calculator
        </a>
      </div>
      <div>
        <a
          href="/quote"
        >
          Quotes
        </a>
      </div>
    </div>
  </nav>
  <h3
    data-testid="quote-test"
    id="quote"
  >
    Mathematics is not about numbers, equations, computations, or algorithms: it is about understanding.
  </h3>
  <h3
    id="author"
  >
    â€“William Paul Thurston
  </h3>
</div>
`;
